---
source: crates/ruff_linter/src/rules/information_flow/mod.rs
---
IF202.py:19:3: IF202 Invalid confidentiality implicit argument flow: bob_return@{bob} > {alice}
   |
17 |   bob_return = 2 # iflabel {bob}
18 | 
19 |   return bob_return # Fail
   |   ^^^^^^^^^^^^^^^^^ IF202
20 | 
21 | # iflabel fn () {alice}
   |

IF202.py:25:3: IF202 Invalid confidentiality implicit argument flow: alice_bob_return@{alice, bob} > {alice}
   |
23 |   alice_bob_return = 4 # iflabel {alice, bob}
24 | 
25 |   return alice_bob_return # Fail
   |   ^^^^^^^^^^^^^^^^^^^^^^^ IF202
   |
