---
source: crates/ruff_linter/src/rules/information_flow/mod.rs
---
IF101_fun.py:12:3: IF101 Invalid confidentiality explicit flow: var2@{} < a@{alice}
   |
11 |   # Fail
12 |   var2 = a # iflabel {}
   |   ^^^^ IF101
13 |   var2 = a # iflabel {bob}
   |

IF101_fun.py:13:3: IF101 Invalid confidentiality and integrity explicit flow: The target var2@{bob} is in another branch than the value a@{alice}
   |
11 |   # Fail
12 |   var2 = a # iflabel {}
13 |   var2 = a # iflabel {bob}
   |   ^^^^ IF101
14 | 
15 |   # Succeed
   |

IF101_fun.py:20:3: IF101 Invalid confidentiality explicit flow: var4@{} < b@{bob}
   |
19 |   # Fail
20 |   var4 = b # iflabel {}
   |   ^^^^ IF101
21 |   var4 = b # iflabel {alice}
   |

IF101_fun.py:21:3: IF101 Invalid confidentiality and integrity explicit flow: The target var4@{alice} is in another branch than the value b@{bob}
   |
19 |   # Fail
20 |   var4 = b # iflabel {}
21 |   var4 = b # iflabel {alice}
   |   ^^^^ IF101
   |

IF101_fun.py:33:1: IF101 Invalid confidentiality explicit flow: public@{} < help(alice, public)@{alice}
   |
32 | # Checking return
33 | public = help(alice, public) # Fail
   | ^^^^^^ IF101
34 | alice = help(alice, public) # Succeed 
   |
