---
source: crates/ruff_linter/src/rules/information_flow/mod.rs
---
IF101_fun.py:12:3: IF101 Illegal explicit assignment to more restrictive variable. Target `var2` with label `{}` is being assigned to `a` with label `{alice}`
   |
11 |   # Fail
12 |   var2 = a # iflabel {}
   |   ^^^^ IF101
13 |   var2 = a # iflabel {bob}
   |

IF101_fun.py:13:3: IF101 Illegal explicit assignment to more restrictive variable. Target `var2` with label `{bob}` is being assigned to `a` with label `{alice}`
   |
11 |   # Fail
12 |   var2 = a # iflabel {}
13 |   var2 = a # iflabel {bob}
   |   ^^^^ IF101
14 | 
15 |   # Succeed
   |

IF101_fun.py:20:3: IF101 Illegal explicit assignment to more restrictive variable. Target `var4` with label `{}` is being assigned to `b` with label `{bob}`
   |
19 |   # Fail
20 |   var4 = b # iflabel {}
   |   ^^^^ IF101
21 |   var4 = b # iflabel {alice}
   |

IF101_fun.py:21:3: IF101 Illegal explicit assignment to more restrictive variable. Target `var4` with label `{alice}` is being assigned to `b` with label `{bob}`
   |
19 |   # Fail
20 |   var4 = b # iflabel {}
21 |   var4 = b # iflabel {alice}
   |   ^^^^ IF101
   |

IF101_fun.py:33:1: IF101 Illegal explicit assignment to more restrictive variable. Target `public` with label `{}` is being assigned to `help(alice, public)` with label `{alice}`
   |
32 | # Checking return
33 | public = help(alice, public) # Fail
   | ^^^^^^ IF101
34 | alice = help(alice, public) # Succeed 
   |
