---
source: crates/ruff_linter/src/rules/information_flow/mod.rs
---
IF101_var.py:15:1: IF101 Invalid confidentiality explicit flow: bob_var@{bob} < alice_bob_var@{alice, bob}
   |
14 | # Fail
15 | bob_var = alice_bob_var
   | ^^^^^^^ IF101
16 | # Fail
17 | public_var = alice_bob_var
   |

IF101_var.py:17:1: IF101 Invalid confidentiality explicit flow: public_var@{} < alice_bob_var@{alice, bob}
   |
15 | bob_var = alice_bob_var
16 | # Fail
17 | public_var = alice_bob_var
   | ^^^^^^^^^^ IF101
18 | 
19 | # Fail
   |

IF101_var.py:20:1: IF101 Invalid confidentiality explicit flow: public_var@{} < bob_var@{bob}
   |
19 | # Fail
20 | public_var = bob_var
   | ^^^^^^^^^^ IF101
21 | 
22 | # Fail
   |

IF101_var.py:23:1: IF101 Invalid confidentiality and integrity explicit flow: The target alice_var@{alice} is in another branch than the value bob_var@{bob}
   |
22 | # Fail
23 | alice_var = bob_var
   | ^^^^^^^^^ IF101
24 | 
25 | # Success
   |
