---
source: crates/ruff_linter/src/rules/information_flow/mod.rs
---
IF002.py:6:18: IF002 [*] Missing principal `charlie` in the principals list for `{ charlie }`
  |
4 | ## BAD
5 | 
6 | b = 0 # iflabel {charlie}
  |                  ^^^^^^^ IF002
7 | b2: int = 0 # iflabel {alice, charlie}
  |
  = help: Add principal `charlie` to the top of the file `# ifprincipals {alice, bob, charlie}`

ℹ Unsafe fix
1   |-# ifprincipals {alice, bob}
  1 |+# ifprincipals { alice, bob, charlie }
2 2 | 
3 3 | 
4 4 | ## BAD

IF002.py:7:31: IF002 [*] Missing principal `charlie` in the principals list for `{ alice, charlie }`
  |
6 | b = 0 # iflabel {charlie}
7 | b2: int = 0 # iflabel {alice, charlie}
  |                               ^^^^^^^ IF002
8 | 
9 | ## GOOD
  |
  = help: Add principal `charlie` to the top of the file `# ifprincipals {alice, bob, charlie}`

ℹ Unsafe fix
1   |-# ifprincipals {alice, bob}
  1 |+# ifprincipals { alice, bob, charlie }
2 2 | 
3 3 | 
4 4 | ## BAD
